******************************************************************************
                  TI ARM Linker PC v18.1.4                     
******************************************************************************
>> Linked Wed Mar 13 18:36:58 2019

OUTPUT FILE NAME:   <Week4Lab.out>
ENTRY POINT SYMBOL: "_c_int00_noargs"  address: 000029ed


MEMORY CONFIGURATION

         name            origin    length      used     unused   attr    fill
----------------------  --------  ---------  --------  --------  ----  --------
  FLASH                 00000000   00040000  00003230  0003cdd0  R  X
  SRAM                  20000000   00008000  000009d9  00007627  RW X


SEGMENT ALLOCATION MAP

run origin  load origin   length   init length attrs members
----------  ----------- ---------- ----------- ----- -------
00000000    00000000    00003230   00003230    r-x
  00000000    00000000    0000026c   0000026c    r-- .intvecs
  0000026c    0000026c    00002a68   00002a68    r-x .text
  00002cd4    00002cd4    0000050c   0000050c    r-- .const
  000031e0    000031e0    00000050   00000050    r-- .cinit
20000000    20000000    000009e0   00000000    rw-
  20000000    20000000    0000026c   00000000    rw- .vtable
  2000026c    2000026c    00000355   00000000    rw- .bss
  200005c8    200005c8    00000200   00000000    rw- .stack
  200007c8    200007c8    00000200   00000000    rw- .sysmem
  200009c8    200009c8    00000018   00000000    rw- .data


SECTION ALLOCATION MAP

 output                                  attributes/
section   page    origin      length       input sections
--------  ----  ----------  ----------   ----------------
.intvecs   0    00000000    0000026c     
                  00000000    0000026c     tm4c123gh6pm_startup_ccs.obj (.intvecs)

.text      0    0000026c    00002a68     
                  0000026c    00000c84     ustdlib.obj (.text)
                  00000ef0    00000950     OrbitOledGrph.obj (.text)
                  00001840    0000037c     OrbitOled.obj (.text)
                  00001bbc    00000204     OrbitOledChar.obj (.text)
                  00001dc0    000001a8     ADCdemo2.obj (.text)
                  00001f68    00000132     driverlib.lib : gpio.obj (.text:GPIOPadConfigSet)
                  0000209a    00000002     rtsv7M4_T_le_v4SPD16_eabi.lib : _lock.c.obj (.text:_nop)
                  0000209c    00000110     driverlib.lib : sysctl.obj (.text:SysCtlClockGet)
                  000021ac    000000f4                   : sysctl.obj (.text:SysCtlClockSet)
                  000022a0    000000d8     rtsv7M4_T_le_v4SPD16_eabi.lib : memory.c.obj (.text:free)
                  00002378    000000b8     circBufT.obj (.text)
                  00002430    0000009c     rtsv7M4_T_le_v4SPD16_eabi.lib : memcpy_t2.asm.obj (.text)
                  000024cc    0000007a     driverlib.lib : adc.obj (.text:ADCSequenceStepConfigure)
                  00002546    0000007a     rtsv7M4_T_le_v4SPD16_eabi.lib : memset_t2.asm.obj (.text)
                  000025c0    00000078                                   : memory.c.obj (.text:malloc)
                  00002638    00000068     driverlib.lib : interrupt.obj (.text:IntEnable)
                  000026a0    00000068     rtsv7M4_T_le_v4SPD16_eabi.lib : copy_decompress_lzss.c.obj (.text:decompress:lzss:__TI_decompress_lzss)
                  00002708    00000060     driverlib.lib : timer.obj (.text:TimerConfigure)
                  00002768    0000005c     delay.obj (.text)
                  000027c4    00000050     driverlib.lib : adc.obj (.text:ADCSequenceConfigure)
                  00002814    00000050                   : adc.obj (.text:_ADCIntNumberGet)
                  00002864    00000048                   : gpio.obj (.text:GPIOPinConfigure)
                  000028ac    00000044     OrbitOLEDInterface.obj (.text)
                  000028f0    00000044     rtsv7M4_T_le_v4SPD16_eabi.lib : autoinit.c.obj (.text:__TI_auto_init_nobinit_nopinit:__TI_auto_init_nobinit_nopinit)
                  00002934    00000040                                   : u_divt2.asm.obj (.text)
                  00002974    0000003c     driverlib.lib : ssi.obj (.text:SSIConfigSetExpClk)
                  000029b0    0000003c     rtsv7M4_T_le_v4SPD16_eabi.lib : memory.c.obj (.text:minsert)
                  000029ec    00000038                                   : boot_cortex_m.c.obj (.text:_c_int00_noargs:_c_int00_noargs)
                  00002a24    00000038                                   : memory.c.obj (.text:minit)
                  00002a5c    00000034     driverlib.lib : interrupt.obj (.text:IntRegister)
                  00002a90    00000034                   : sysctl.obj (.text:SysCtlPeripheralEnable)
                  00002ac4    0000002a                   : gpio.obj (.text:GPIODirModeSet)
                  00002aee    0000002a     rtsv7M4_T_le_v4SPD16_eabi.lib : memory.c.obj (.text:calloc)
                  00002b18    00000028                                   : memory.c.obj (.text:mremove)
                  00002b40    0000001e     driverlib.lib : adc.obj (.text:ADCSequenceDataGet)
                  00002b5e    00000002     rtsv7M4_T_le_v4SPD16_eabi.lib : div0.asm.obj (.text)
                  00002b60    0000001c     driverlib.lib : systick.obj (.text:SysTickIntRegister)
                  00002b7c    00000018                   : adc.obj (.text:ADCIntRegister)
                  00002b94    00000018                   : adc.obj (.text:ADCProcessorTrigger)
                  00002bac    00000018                   : gpio.obj (.text:GPIOPinTypeGPIOOutput)
                  00002bc4    00000014                   : systick.obj (.text:SysTickEnable)
                  00002bd8    00000014                   : systick.obj (.text:SysTickIntEnable)
                  00002bec    00000012                   : gpio.obj (.text:GPIOPinTypeSSI)
                  00002bfe    00000010                   : adc.obj (.text:ADCIntEnable)
                  00002c0e    00000010                   : interrupt.obj (.text:IntMasterEnable)
                  00002c1e    00000002     --HOLE-- [fill = 0]
                  00002c20    00000010                   : systick.obj (.text:SysTickPeriodSet)
                  00002c30    0000000e                   : adc.obj (.text:ADCSequenceEnable)
                  00002c3e    0000000e                   : timer.obj (.text:TimerEnable)
                  00002c4c    0000000e     rtsv7M4_T_le_v4SPD16_eabi.lib : copy_decompress_none.c.obj (.text:decompress:none:__TI_decompress_none)
                  00002c5a    0000000c     driverlib.lib : cpu.obj (.text:CPUcpsie)
                  00002c66    0000000c                   : ssi.obj (.text:SSIDataGet)
                  00002c72    0000000c     rtsv7M4_T_le_v4SPD16_eabi.lib : copy_zero_init.c.obj (.text:decompress:ZI:__TI_zero_init)
                  00002c7e    0000000c     tm4c123gh6pm_startup_ccs.obj (.text)
                  00002c8a    0000000a     driverlib.lib : adc.obj (.text:ADCIntClear)
                  00002c94    0000000a                   : ssi.obj (.text:SSIDataPut)
                  00002c9e    0000000a                   : ssi.obj (.text:SSIEnable)
                  00002ca8    0000000a                   : timer.obj (.text:TimerValueGet)
                  00002cb2    00000008                   : ssi.obj (.text:SSIBusy)
                  00002cba    00000006                   : gpio.obj (.text:GPIOPinWrite)
                  00002cc0    00000006                   : ssi.obj (.text:SSIClockSourceSet)
                  00002cc6    00000006                   : sysctl.obj (.text:SysCtlDelay)
                  00002ccc    00000004     rtsv7M4_T_le_v4SPD16_eabi.lib : pre_init.c.obj (.text:_system_pre_init)
                  00002cd0    00000004                                   : exit.c.obj (.text:abort:abort)

.const     0    00002cd4    0000050c     
                  00002cd4    00000300     ChrFont0.obj (.const:.string:rgbOledFont0)
                  00002fd4    00000090     driverlib.lib : gpio.obj (.const:g_pui32GPIOBaseAddrs)
                  00003064    00000070                   : interrupt.obj (.const)
                  000030d4    0000006c                   : sysctl.obj (.const:g_pui32Xtals)
                  00003140    00000040     FillPat.obj (.const:.string:rgbFillPat)
                  00003180    00000030     ustdlib.obj (.const:g_psDaysToMonth)
                  000031b0    00000018     ustdlib.obj (.const:g_pfExponents)
                  000031c8    00000012     ustdlib.obj (.const:.string)
                  000031da    00000002     --HOLE-- [fill = 0]
                  000031dc    00000004     ustdlib.obj (.const)

.cinit     0    000031e0    00000050     
                  000031e0    00000018     (.cinit..data.load) [load image, compression = lzss]
                  000031f8    0000000c     (__TI_handler_table)
                  00003204    00000004     --HOLE-- [fill = 0]
                  00003208    00000008     (.cinit..bss.load) [load image, compression = zero_init]
                  00003210    00000008     (.cinit..vtable.load) [load image, compression = zero_init]
                  00003218    00000018     (__TI_cinit_table)

.init_array 
*          0    00000000    00000000     UNINITIALIZED

.vtable    0    20000000    0000026c     UNINITIALIZED
                  20000000    0000026c     driverlib.lib : interrupt.obj (.vtable)

.bss       0    2000026c    00000355     UNINITIALIZED
                  2000026c    00000200     (.common:rgbOledBmp)
                  2000046c    00000100     (.common:rgbOledFontUser)
                  2000056c    00000010     ADCdemo2.obj (.bss:g_inBuffer)
                  2000057c    00000004     ADCdemo2.obj (.bss)
                  20000580    00000004     (.common:bnOledCur)
                  20000584    00000004     (.common:dxcoOledFontCur)
                  20000588    00000004     (.common:dycoOledFontCur)
                  2000058c    00000004     (.common:fOledCharUpdate)
                  20000590    00000004     (.common:modOledCur)
                  20000594    00000004     (.common:pbOledCur)
                  20000598    00000004     (.common:pbOledFontCur)
                  2000059c    00000004     (.common:pbOledFontUser)
                  200005a0    00000004     (.common:pbOledPatCur)
                  200005a4    00000004     (.common:pfnDoRop)
                  200005a8    00000004     (.common:xchOledCur)
                  200005ac    00000004     (.common:xchOledMax)
                  200005b0    00000004     (.common:xcoOledCur)
                  200005b4    00000004     (.common:ychOledCur)
                  200005b8    00000004     (.common:ychOledMax)
                  200005bc    00000004     (.common:ycoOledCur)
                  200005c0    00000001     (.common:clrOledCur)

.stack     0    200005c8    00000200     UNINITIALIZED
                  200005c8    00000004     rtsv7M4_T_le_v4SPD16_eabi.lib : boot_cortex_m.c.obj (.stack)
                  200005cc    000001fc     --HOLE--

.sysmem    0    200007c8    00000200     UNINITIALIZED
                  200007c8    00000008     rtsv7M4_T_le_v4SPD16_eabi.lib : memory.c.obj (.sysmem)
                  200007d0    000001f8     --HOLE--

.data      0    200009c8    00000018     UNINITIALIZED
                  200009c8    0000000c     rtsv7M4_T_le_v4SPD16_eabi.lib : memory.c.obj (.data:$O1$$)
                  200009d4    00000008                                   : _lock.c.obj (.data:$O1$$)
                  200009dc    00000004     ustdlib.obj (.data)

MODULE SUMMARY

       Module                         code    ro data   rw data
       ------                         ----    -------   -------
    .\
       ustdlib.obj                    3204    94        4      
       tm4c123gh6pm_startup_ccs.obj   12      620       0      
       ADCdemo2.obj                   424     0         20     
       circBufT.obj                   184     0         0      
    +--+------------------------------+-------+---------+---------+
       Total:                         3824    714       24     
                                                               
    .\OrbitOLED\
       OrbitOLEDInterface.obj         68      0         0      
    +--+------------------------------+-------+---------+---------+
       Total:                         68      0         0      
                                                               
    .\OrbitOLED\lib_OrbitOled\
       OrbitOledGrph.obj              2384    0         8      
       OrbitOled.obj                  892     0         553    
       OrbitOledChar.obj              516     0         272    
       ChrFont0.obj                   0       768       0      
       delay.obj                      92      0         0      
       FillPat.obj                    0       64        0      
    +--+------------------------------+-------+---------+---------+
       Total:                         3884    832       833    
                                                               
    C:/ti/TivaWare_C_Series-2.1.4.178/driverlib/ccs/Debug/driverlib.lib
       interrupt.obj                  172     112       620    
       sysctl.obj                     574     108       0      
       gpio.obj                       468     144       0      
       adc.obj                        400     0         0      
       timer.obj                      120     0         0      
       ssi.obj                        106     0         0      
       systick.obj                    84      0         0      
       cpu.obj                        12      0         0      
    +--+------------------------------+-------+---------+---------+
       Total:                         1936    364       620    
                                                               
    C:\ti\ccsv8\tools\compiler\ti-cgt-arm_18.1.4.LTS\lib\rtsv7M4_T_le_v4SPD16_eabi.lib
       memory.c.obj                   534     0         12     
       memcpy_t2.asm.obj              156     0         0      
       memset_t2.asm.obj              122     0         0      
       copy_decompress_lzss.c.obj     104     0         0      
       autoinit.c.obj                 68      0         0      
       u_divt2.asm.obj                64      0         0      
       boot_cortex_m.c.obj            56      0         0      
       copy_decompress_none.c.obj     14      0         0      
       copy_zero_init.c.obj           12      0         0      
       _lock.c.obj                    2       0         8      
       exit.c.obj                     4       0         0      
       pre_init.c.obj                 4       0         0      
       div0.asm.obj                   2       0         0      
    +--+------------------------------+-------+---------+---------+
       Total:                         1142    0         20     
                                                               
       Heap:                          0       0         512    
       Stack:                         0       0         512    
       Linker Generated:              0       76        0      
    +--+------------------------------+-------+---------+---------+
       Grand Total:                   10854   1986      2521   


LINKER GENERATED COPY TABLES

__TI_cinit_table @ 00003218 records: 3, size/record: 8, table size: 24
	.data: load addr=000031e0, load size=00000018 bytes, run addr=200009c8, run size=00000018 bytes, compression=lzss
	.bss: load addr=00003208, load size=00000008 bytes, run addr=2000026c, run size=00000355 bytes, compression=zero_init
	.vtable: load addr=00003210, load size=00000008 bytes, run addr=20000000, run size=0000026c bytes, compression=zero_init


LINKER GENERATED HANDLER TABLE

__TI_handler_table @ 000031f8 records: 3, size/record: 4, table size: 12
	index: 0, handler: __TI_zero_init
	index: 1, handler: __TI_decompress_lzss
	index: 2, handler: __TI_decompress_none


GLOBAL SYMBOLS: SORTED ALPHABETICALLY BY Name 

address   name                          
-------   ----                          
00002c8b  ADCIntClear                   
00002bff  ADCIntEnable                  
00001dd5  ADCIntHandler                 
00002b7d  ADCIntRegister                
00002b95  ADCProcessorTrigger           
000027c5  ADCSequenceConfigure          
00002b41  ADCSequenceDataGet            
00002c31  ADCSequenceEnable             
000024cd  ADCSequenceStepConfigure      
00002cd1  C$$EXIT                       
00002c5b  CPUcpsie                      
00002769  DelayInit                     
00002783  DelayMs                       
00002ac5  GPIODirModeSet                
00001f69  GPIOPadConfigSet              
00002865  GPIOPinConfigure              
00002bad  GPIOPinTypeGPIOOutput         
00002bed  GPIOPinTypeSSI                
00002cbb  GPIOPinWrite                  
00002639  IntEnable                     
00002c0f  IntMasterEnable               
00002a5d  IntRegister                   
000028d3  OLEDInitialise                
000028ad  OLEDStringDraw                
00001d55  OrbitOledAdvanceCursor        
000017e1  OrbitOledClampXco             
00001801  OrbitOledClampYco             
00001a1d  OrbitOledClear                
00001a29  OrbitOledClearBuffer          
00001c25  OrbitOledDefUserChar          
00001999  OrbitOledDevInit              
00001623  OrbitOledDrawChar             
00001cdd  OrbitOledDrawGlyph            
00000fe7  OrbitOledDrawPixel            
0000112d  OrbitOledDrawRect             
00001683  OrbitOledDrawString           
0000191f  OrbitOledDvrInit              
000011b1  OrbitOledFillRect             
000012f5  OrbitOledGetBmp               
00001c8d  OrbitOledGetCharUpdate        
00001c09  OrbitOledGetCursor            
00000fe1  OrbitOledGetDrawMode          
00001013  OrbitOledGetPixel             
00000f37  OrbitOledGetPos               
00000f6b  OrbitOledGetStdPattern        
00001855  OrbitOledHostInit             
00001841  OrbitOledInit                 
0000102d  OrbitOledLineTo               
00001779  OrbitOledMoveDown             
000017af  OrbitOledMoveLeft             
000017c7  OrbitOledMoveRight            
00000ef1  OrbitOledMoveTo               
00001741  OrbitOledMoveUp               
00001455  OrbitOledPutBmp               
00001ab3  OrbitOledPutBuffer            
00001c93  OrbitOledPutChar              
00001cb1  OrbitOledPutString            
000016ef  OrbitOledRopAnd               
000016cb  OrbitOledRopOr                
000016a1  OrbitOledRopSet               
00001713  OrbitOledRopXor               
00001c75  OrbitOledSetCharUpdate        
00001bbd  OrbitOledSetCursor            
00000f53  OrbitOledSetDrawColor         
00000f8d  OrbitOledSetDrawMode          
00000f7d  OrbitOledSetFillPattern       
00001a59  OrbitOledUpdate               
00002c7f  ResetISR                      
00002cb3  SSIBusy                       
00002cc1  SSIClockSourceSet             
00002975  SSIConfigSetExpClk            
00002c67  SSIDataGet                    
00002c95  SSIDataPut                    
00002c9f  SSIEnable                     
00001b19  Ssi3PutByte                   
0000209d  SysCtlClockGet                
000021ad  SysCtlClockSet                
00002cc7  SysCtlDelay                   
00002a91  SysCtlPeripheralEnable        
00002bc5  SysTickEnable                 
00002bd9  SysTickIntEnable              
00001dc1  SysTickIntHandler             
00002b61  SysTickIntRegister            
00002c21  SysTickPeriodSet              
00002709  TimerConfigure                
00002c3f  TimerEnable                   
00002ca9  TimerValueGet                 
200007c8  __STACK_END                   
00000200  __STACK_SIZE                  
200007c8  __STACK_TOP                   
00000200  __SYSMEM_SIZE                 
00003218  __TI_CINIT_Base               
00003230  __TI_CINIT_Limit              
000031f8  __TI_Handler_Table_Base       
00003204  __TI_Handler_Table_Limit      
000028f1  __TI_auto_init_nobinit_nopinit
000026a1  __TI_decompress_lzss          
00002c4d  __TI_decompress_none          
ffffffff  __TI_pprof_out_hndl           
ffffffff  __TI_prof_data_size           
ffffffff  __TI_prof_data_start          
00000000  __TI_static_base__            
00002c73  __TI_zero_init                
00002b5f  __aeabi_idiv0                 
00002b5f  __aeabi_ldiv0                 
00002547  __aeabi_memclr                
00002547  __aeabi_memclr4               
00002547  __aeabi_memclr8               
00002431  __aeabi_memcpy                
00002431  __aeabi_memcpy4               
00002431  __aeabi_memcpy8               
00002549  __aeabi_memset                
00002549  __aeabi_memset4               
00002549  __aeabi_memset8               
00002935  __aeabi_uidiv                 
00002935  __aeabi_uidivmod              
ffffffff  __binit__                     
ffffffff  __c_args__                    
UNDEFED   __mpu_init                    
200005c8  __stack                       
000029ed  _c_int00_noargs               
200009d4  _lock                         
0000209b  _nop                          
200007c8  _sys_memory                   
UNDEFED   _system_post_cinit            
00002ccd  _system_pre_init              
200009d8  _unlock                       
00002cd1  abort                         
ffffffff  binit                         
20000580  bnOledCur                     
00002aef  calloc                        
200005c0  clrOledCur                    
00001e5d  displayMeanVal                
20000584  dxcoOledFontCur               
20000588  dycoOledFontCur               
2000058c  fOledCharUpdate               
000022a1  free                          
0000240b  freeCircBuf                   
20000000  g_pfnRAMVectors               
00000000  g_pfnVectors                  
00001e19  initADC                       
00002379  initCircBuf                   
00001df3  initClock                     
00001e55  initDisplay                   
00001ead  main                          
000025c1  malloc                        
00002431  memcpy                        
0000254f  memset                        
00002a25  minit                         
20000590  modOledCur                    
20000594  pbOledCur                     
20000598  pbOledFontCur                 
2000059c  pbOledFontUser                
200005a0  pbOledPatCur                  
200005a4  pfnDoRop                      
000023d7  readCircBuf                   
00003140  rgbFillPat                    
2000026c  rgbOledBmp                    
00002cd4  rgbOledFont0                  
2000046c  rgbOledFontUser               
00000751  ulocaltime                    
0000094f  umktime                       
00000ec9  urand                         
00000721  usnprintf                     
000006ef  usprintf                      
00000eb9  usrand                        
00000e31  ustrcasecmp                   
00000ea5  ustrcmp                       
00000d35  ustrlen                       
00000d8d  ustrncasecmp                  
00000e45  ustrncmp                      
0000026d  ustrncpy                      
00000d57  ustrstr                       
00000afd  ustrtof                       
000009c5  ustrtoul                      
000002c5  uvsnprintf                    
000023a3  writeCircBuf                  
200005a8  xchOledCur                    
200005ac  xchOledMax                    
200005b0  xcoOledCur                    
200005b4  ychOledCur                    
200005b8  ychOledMax                    
200005bc  ycoOledCur                    


GLOBAL SYMBOLS: SORTED BY Symbol Address 

address   name                          
-------   ----                          
00000000  __TI_static_base__            
00000000  g_pfnVectors                  
00000200  __STACK_SIZE                  
00000200  __SYSMEM_SIZE                 
0000026d  ustrncpy                      
000002c5  uvsnprintf                    
000006ef  usprintf                      
00000721  usnprintf                     
00000751  ulocaltime                    
0000094f  umktime                       
000009c5  ustrtoul                      
00000afd  ustrtof                       
00000d35  ustrlen                       
00000d57  ustrstr                       
00000d8d  ustrncasecmp                  
00000e31  ustrcasecmp                   
00000e45  ustrncmp                      
00000ea5  ustrcmp                       
00000eb9  usrand                        
00000ec9  urand                         
00000ef1  OrbitOledMoveTo               
00000f37  OrbitOledGetPos               
00000f53  OrbitOledSetDrawColor         
00000f6b  OrbitOledGetStdPattern        
00000f7d  OrbitOledSetFillPattern       
00000f8d  OrbitOledSetDrawMode          
00000fe1  OrbitOledGetDrawMode          
00000fe7  OrbitOledDrawPixel            
00001013  OrbitOledGetPixel             
0000102d  OrbitOledLineTo               
0000112d  OrbitOledDrawRect             
000011b1  OrbitOledFillRect             
000012f5  OrbitOledGetBmp               
00001455  OrbitOledPutBmp               
00001623  OrbitOledDrawChar             
00001683  OrbitOledDrawString           
000016a1  OrbitOledRopSet               
000016cb  OrbitOledRopOr                
000016ef  OrbitOledRopAnd               
00001713  OrbitOledRopXor               
00001741  OrbitOledMoveUp               
00001779  OrbitOledMoveDown             
000017af  OrbitOledMoveLeft             
000017c7  OrbitOledMoveRight            
000017e1  OrbitOledClampXco             
00001801  OrbitOledClampYco             
00001841  OrbitOledInit                 
00001855  OrbitOledHostInit             
0000191f  OrbitOledDvrInit              
00001999  OrbitOledDevInit              
00001a1d  OrbitOledClear                
00001a29  OrbitOledClearBuffer          
00001a59  OrbitOledUpdate               
00001ab3  OrbitOledPutBuffer            
00001b19  Ssi3PutByte                   
00001bbd  OrbitOledSetCursor            
00001c09  OrbitOledGetCursor            
00001c25  OrbitOledDefUserChar          
00001c75  OrbitOledSetCharUpdate        
00001c8d  OrbitOledGetCharUpdate        
00001c93  OrbitOledPutChar              
00001cb1  OrbitOledPutString            
00001cdd  OrbitOledDrawGlyph            
00001d55  OrbitOledAdvanceCursor        
00001dc1  SysTickIntHandler             
00001dd5  ADCIntHandler                 
00001df3  initClock                     
00001e19  initADC                       
00001e55  initDisplay                   
00001e5d  displayMeanVal                
00001ead  main                          
00001f69  GPIOPadConfigSet              
0000209b  _nop                          
0000209d  SysCtlClockGet                
000021ad  SysCtlClockSet                
000022a1  free                          
00002379  initCircBuf                   
000023a3  writeCircBuf                  
000023d7  readCircBuf                   
0000240b  freeCircBuf                   
00002431  __aeabi_memcpy                
00002431  __aeabi_memcpy4               
00002431  __aeabi_memcpy8               
00002431  memcpy                        
000024cd  ADCSequenceStepConfigure      
00002547  __aeabi_memclr                
00002547  __aeabi_memclr4               
00002547  __aeabi_memclr8               
00002549  __aeabi_memset                
00002549  __aeabi_memset4               
00002549  __aeabi_memset8               
0000254f  memset                        
000025c1  malloc                        
00002639  IntEnable                     
000026a1  __TI_decompress_lzss          
00002709  TimerConfigure                
00002769  DelayInit                     
00002783  DelayMs                       
000027c5  ADCSequenceConfigure          
00002865  GPIOPinConfigure              
000028ad  OLEDStringDraw                
000028d3  OLEDInitialise                
000028f1  __TI_auto_init_nobinit_nopinit
00002935  __aeabi_uidiv                 
00002935  __aeabi_uidivmod              
00002975  SSIConfigSetExpClk            
000029ed  _c_int00_noargs               
00002a25  minit                         
00002a5d  IntRegister                   
00002a91  SysCtlPeripheralEnable        
00002ac5  GPIODirModeSet                
00002aef  calloc                        
00002b41  ADCSequenceDataGet            
00002b5f  __aeabi_idiv0                 
00002b5f  __aeabi_ldiv0                 
00002b61  SysTickIntRegister            
00002b7d  ADCIntRegister                
00002b95  ADCProcessorTrigger           
00002bad  GPIOPinTypeGPIOOutput         
00002bc5  SysTickEnable                 
00002bd9  SysTickIntEnable              
00002bed  GPIOPinTypeSSI                
00002bff  ADCIntEnable                  
00002c0f  IntMasterEnable               
00002c21  SysTickPeriodSet              
00002c31  ADCSequenceEnable             
00002c3f  TimerEnable                   
00002c4d  __TI_decompress_none          
00002c5b  CPUcpsie                      
00002c67  SSIDataGet                    
00002c73  __TI_zero_init                
00002c7f  ResetISR                      
00002c8b  ADCIntClear                   
00002c95  SSIDataPut                    
00002c9f  SSIEnable                     
00002ca9  TimerValueGet                 
00002cb3  SSIBusy                       
00002cbb  GPIOPinWrite                  
00002cc1  SSIClockSourceSet             
00002cc7  SysCtlDelay                   
00002ccd  _system_pre_init              
00002cd1  C$$EXIT                       
00002cd1  abort                         
00002cd4  rgbOledFont0                  
00003140  rgbFillPat                    
000031f8  __TI_Handler_Table_Base       
00003204  __TI_Handler_Table_Limit      
00003218  __TI_CINIT_Base               
00003230  __TI_CINIT_Limit              
20000000  g_pfnRAMVectors               
2000026c  rgbOledBmp                    
2000046c  rgbOledFontUser               
20000580  bnOledCur                     
20000584  dxcoOledFontCur               
20000588  dycoOledFontCur               
2000058c  fOledCharUpdate               
20000590  modOledCur                    
20000594  pbOledCur                     
20000598  pbOledFontCur                 
2000059c  pbOledFontUser                
200005a0  pbOledPatCur                  
200005a4  pfnDoRop                      
200005a8  xchOledCur                    
200005ac  xchOledMax                    
200005b0  xcoOledCur                    
200005b4  ychOledCur                    
200005b8  ychOledMax                    
200005bc  ycoOledCur                    
200005c0  clrOledCur                    
200005c8  __stack                       
200007c8  __STACK_END                   
200007c8  __STACK_TOP                   
200007c8  _sys_memory                   
200009d4  _lock                         
200009d8  _unlock                       
ffffffff  __TI_pprof_out_hndl           
ffffffff  __TI_prof_data_size           
ffffffff  __TI_prof_data_start          
ffffffff  __binit__                     
ffffffff  __c_args__                    
ffffffff  binit                         
UNDEFED   __mpu_init                    
UNDEFED   _system_post_cinit            

[183 symbols]
